\BOOKMARK [1][]{Outline1}{Introduction}{}% 1
\BOOKMARK [2][]{Outline1.1}{Foundations}{Outline1}% 2
\BOOKMARK [2][]{Outline1.2}{Replication Crisis}{Outline1}% 3
\BOOKMARK [2][]{Outline1.3}{Transparency}{Outline1}% 4
\BOOKMARK [2][]{Outline1.4}{MIBBI}{Outline1}% 5
\BOOKMARK [2][]{Outline1.5}{FAIR}{Outline1}% 6
\BOOKMARK [2][]{Outline1.6}{Data Sets}{Outline1}% 7
\BOOKMARK [1][]{Outline2}{Research Objects and Text Search}{}% 8
\BOOKMARK [2][]{Outline2.7}{Executable Research Objects}{Outline2}% 9
\BOOKMARK [2][]{Outline2.8}{Publications within Research Objects}{Outline2}% 10
\BOOKMARK [2][]{Outline2.9}{Cross-References}{Outline2}% 11
\BOOKMARK [2][]{Outline2.10}{Text Mining}{Outline2}% 12
\BOOKMARK [2][]{Outline2.11}{CORD-19}{Outline2}% 13
\BOOKMARK [2][]{Outline2.12}{Limitations of CORD-19}{Outline2}% 14
\BOOKMARK [2][]{Outline2.13}{Text Encoding}{Outline2}% 15
\BOOKMARK [1][]{Outline3}{Sentence Objects}{}% 16
\BOOKMARK [2][]{Outline3.14}{Sentence Objects}{Outline3}% 17
\BOOKMARK [2][]{Outline3.15}{... and Query Results}{Outline3}% 18
\BOOKMARK [2][]{Outline3.16}{Text Elements}{Outline3}% 19
\BOOKMARK [2][]{Outline3.17}{Para Ids}{Outline3}% 20
\BOOKMARK [2][]{Outline3.18}{Subdivisions}{Outline3}% 21
\BOOKMARK [2][]{Outline3.19}{Index Locators}{Outline3}% 22
\BOOKMARK [2][]{Outline3.20}{Index GUI}{Outline3}% 23
\BOOKMARK [2][]{Outline3.21}{Single Index Entry Window}{Outline3}% 24
\BOOKMARK [2][]{Outline3.22}{Meta-Indexes}{Outline3}% 25
\BOOKMARK [2][]{Outline3.23}{Reverse Indexes}{Outline3}% 26
\BOOKMARK [2][]{Outline3.24}{Sentences and Annotations}{Outline3}% 27
\BOOKMARK [2][]{Outline3.25}{Data Objects}{Outline3}% 28
\BOOKMARK [2][]{Outline3.26}{More re Cross-References}{Outline3}% 29
\BOOKMARK [2][]{Outline3.27}{GUI Indexing}{Outline3}% 30
\BOOKMARK [2][]{Outline3.28}{Text/Data Integration}{Outline3}% 31
\BOOKMARK [1][]{Outline4}{Scripts and Queries}{}% 32
\BOOKMARK [2][]{Outline4.29}{Scripts}{Outline4}% 33
\BOOKMARK [2][]{Outline4.30}{Stacks}{Outline4}% 34
\BOOKMARK [2][]{Outline4.31}{Parsing}{Outline4}% 35
\BOOKMARK [2][]{Outline4.32}{Context-Sensitive Grammars}{Outline4}% 36
\BOOKMARK [2][]{Outline4.33}{Channels}{Outline4}% 37
\BOOKMARK [2][]{Outline4.34}{Building Channels}{Outline4}% 38
\BOOKMARK [2][]{Outline4.35}{Hidden Channels}{Outline4}% 39
\BOOKMARK [2][]{Outline4.36}{Interface Design}{Outline4}% 40
\BOOKMARK [1][]{Outline5}{Conclusion}{}% 41
\BOOKMARK [2][]{Outline5.37}{DOA Model}{Outline5}% 42
\BOOKMARK [2][]{Outline5.38}{Translational Science}{Outline5}% 43
\BOOKMARK [2][]{Outline5.39}{Science/Humanities Integration}{Outline5}% 44
